[noxxit.com/index.html]
[backblue.gif]
[fade.gif]
[index.html]
[noxxit.com/wp-content/plugins/contact-form-7/includes/css/styles42f0.css]
[noxxit.com/feed/index.html]
[noxxit.com/wp-content/plugins/element-ready-lite/assets/css/widgets.minfc07.css]
[noxxit.com/wp-content/themes/essentials/inc/scss/bootstrap.minbfbf.css]
[noxxit.com/comments/feed/index.html]
[noxxit.com/wp-content/plugins/elementor/assets/lib/eicons/css/elementor-icons.mine94d.css]
[noxxit.com/wp-content/plugins/elementor/assets/css/frontend-lite.mindcff.css]
[noxxit.com/wp-content/plugins/elementor/assets/lib/swiper/v8/css/swiper.min94a4.css]
[noxxit.com/wp-content/uploads/elementor/css/post-13361449c.css]
[noxxit.com/wp-content/plugins/elementor/assets/lib/font-awesome/css/all.mindcff.css]
[noxxit.com/wp-content/plugins/elementor/assets/lib/font-awesome/css/v4-shims.mindcff.css]
[noxxit.com/wp-content/uploads/elementor/css/post-30497750.css]
[noxxit.com/wp-content/themes/essentials/css/build/flickity.min5d0a.css]
[noxxit.com/wp-content/themes/essentials/css/build/pixicon-main/style.min5d0a.css]
[noxxit.com/wp-content/themes/essentials/css/jquery-confirm.min5d0a.css]
[noxxit.com/wp-content/themes/essentials/css/build/bootstrap-select.min5d0a.css]
[noxxit.com/wp-content/uploads/wp-scss-cache/pix-essentials-style-27ea6.css]
[noxxit.com/wp-content/plugins/masterslider/public/assets/css/masterslider.main02dd.css]
[noxxit.com/wp-content/uploads/masterslider/custom4963.css]
[noxxit.com/wp-includes/js/jquery/jquery.minaf6c.js]
[noxxit.com/wp-includes/js/jquery/jquery-migrate.mind617.js]
[noxxit.com/wp-content/plugins/masterslider/includes/modules/elementor/assets/js/elementor-widgets02dd.js]
[noxxit.com/wp-content/plugins/elementor/assets/lib/font-awesome/js/v4-shims.mindcff.js]
[noxxit.com/wp-json/wp/v2/pages/3049.json]
[noxxit.com/wp-json/index.html]
[noxxit.com/wp-json/oembed/1.0/embed3295.json]
[noxxit.com/wp-json/oembed/1.0/embed88b0]
[noxxit.com/wp-content/uploads/2023/11/cropped-favic-32x32.jpg]
[noxxit.com/wp-content/uploads/2023/11/cropped-favic-192x192.jpg]
[noxxit.com/wp-content/uploads/2023/11/cropped-favic-180x180.jpg]
[noxxit.com/wp-content/uploads/2023/11/noxx.png]
[noxxit.com/features/index.html]
[noxxit.com/android-spy-app/index.html]
[noxxit.com/iphone-spy-app/index.html]
[noxxit.com/whatsapp-spy-app/index.html]
[noxxit.com/faq/index.html]
[noxxit.com/blog/index.html]
[noxxit.com/wp-content/uploads/2023/11/noxxmob.png]
[noxxit.com/contact/index.html]
[noxxit.com/wp-content/uploads/2022/10/android.jpg]
[noxxit.com/wp-content/uploads/2022/10/iphone.jpg]
[noxxit.com/wp-content/uploads/2022/10/whatsap.jpg]
[noxxit.com/wp-content/uploads/2022/10/bull.webp]
[noxxit.com/wp-content/uploads/2022/10/malware.jpg]
[noxxit.com/wp-content/uploads/2022/10/cloud.webp]
[noxxit.com/wp-content/uploads/2022/10/root.webp]
[noxxit.com/parental-control-app/index.html]
[noxxit.com/wp-content/uploads/2022/10/che.webp]
[noxxit.com/wp-content/uploads/2020/06/m2.png]
[noxxit.com/privacy-policy/index.html]
[noxxit.com/terms-of-use/index.html]
[noxxit.com/Whatsapp-spy-app/index-2.html]
[noxxit.com/refund-policy/index.html]
[www.smartsuppchat.com/loaderd41d.js]
[noxxit.com/“https_/www.smartsupp.com”]
[noxxit.com/wp-content/uploads/elementor/css/post-31537750.css]
[noxxit.com/wp-content/plugins/contact-form-7/includes/swv/js/index42f0.js]
[noxxit.com/wp-content/plugins/contact-form-7/includes/js/index42f0.js]
[noxxit.com/wp-content/themes/essentials/js/build/popper.min5d0a.js]
[noxxit.com/wp-content/themes/essentials/js/build/bootstrap.min5d0a.js]
[noxxit.com/wp-content/themes/essentials/js/build/bootstrap-select.min5d0a.js]
[noxxit.com/wp-content/themes/essentials/js/build/flickity.pkgd.min5d0a.js]
[noxxit.com/wp-includes/js/jquery/ui/core.min0028.js]
[noxxit.com/wp-content/themes/essentials/js/essentials.min5d0a.js]
[noxxit.com/wp-content/plugins/gtranslate/js/popupbfbf.js]
[noxxit.com/wp-content/plugins/elementor/assets/js/webpack.runtime.mindcff.js]
[noxxit.com/wp-content/plugins/elementor/assets/js/frontend-modules.mindcff.js]
[noxxit.com/wp-content/plugins/elementor/assets/lib/waypoints/waypoints.min05da.js]
[noxxit.com/wp-content/plugins/elementor/assets/js/frontend.mindcff.js]
[noxxit.com/wp-content/plugins/element-ready-lite/assets/js/appear2f54.js]
[noxxit.com/wp-includes/js/underscore.minb37e.js]
[noxxit.com/wp-includes/js/wp-util.minbfbf.js]
[noxxit.com/index.html]
[noxxit.com/xmlrpc.html]
[noxxit.com/wp-content/plugins/contact-form-7/includes/css/styles42f0.css]
[noxxit.com/wp-content/plugins/element-ready-lite/assets/css/widgets.minfc07.css]
[noxxit.com/wp-content/themes/essentials/inc/scss/bootstrap.minbfbf.css]
[noxxit.com/wp-content/plugins/elementor/assets/lib/eicons/fonts/eiconsc63f.eot]
[noxxit.com/wp-content/plugins/elementor/assets/lib/eicons/fonts/eiconsc63f.woff2]
[noxxit.com/wp-content/plugins/elementor/assets/lib/eicons/fonts/eiconsc63f.woff]
[noxxit.com/wp-content/plugins/elementor/assets/lib/eicons/fonts/eiconsc63f.ttf]
[noxxit.com/wp-content/plugins/elementor/assets/lib/eicons/css/elementor-icons.mine94d.css]
[noxxit.com/wp-content/plugins/elementor/assets/css/frontend-lite.mindcff.css]
[noxxit.com/wp-content/plugins/elementor/assets/lib/swiper/v8/css/swiper.min94a4.css]
[noxxit.com/wp-content/uploads/elementor/css/post-13361449c.css]
[noxxit.com/wp-content/plugins/elementor/assets/lib/eicons/fonts/eiconsc63f.svg]
[noxxit.com/wp-content/plugins/elementor/assets/lib/font-awesome/webfonts/fa-brands-400.eot]
[noxxit.com/wp-content/plugins/elementor/assets/lib/font-awesome/webfonts/fa-brands-400d41d.eot]
[noxxit.com/wp-content/plugins/elementor/assets/lib/font-awesome/webfonts/fa-brands-400.woff2]
[noxxit.com/wp-content/plugins/elementor/assets/lib/font-awesome/webfonts/fa-brands-400.woff]
[noxxit.com/wp-content/plugins/elementor/assets/lib/font-awesome/webfonts/fa-brands-400.ttf]
[noxxit.com/wp-content/plugins/elementor/assets/lib/font-awesome/webfonts/fa-brands-400.svg]
[noxxit.com/wp-content/plugins/elementor/assets/lib/font-awesome/webfonts/fa-regular-400.eot]
[noxxit.com/wp-content/plugins/elementor/assets/lib/font-awesome/webfonts/fa-regular-400d41d.eot]
[noxxit.com/wp-content/plugins/elementor/assets/lib/font-awesome/webfonts/fa-regular-400.woff2]
[noxxit.com/wp-content/plugins/elementor/assets/lib/font-awesome/webfonts/fa-regular-400.woff]
[noxxit.com/wp-content/plugins/elementor/assets/lib/font-awesome/webfonts/fa-regular-400.ttf]
[noxxit.com/wp-content/plugins/elementor/assets/lib/font-awesome/webfonts/fa-regular-400.svg]
[noxxit.com/wp-content/plugins/elementor/assets/lib/font-awesome/webfonts/fa-solid-900.eot]
[noxxit.com/wp-content/plugins/elementor/assets/lib/font-awesome/webfonts/fa-solid-900d41d.eot]
[noxxit.com/wp-content/plugins/elementor/assets/lib/font-awesome/webfonts/fa-solid-900.woff2]
[noxxit.com/wp-content/plugins/elementor/assets/lib/font-awesome/webfonts/fa-solid-900.woff]
[noxxit.com/wp-content/plugins/elementor/assets/lib/font-awesome/webfonts/fa-solid-900.ttf]
[noxxit.com/wp-content/plugins/elementor/assets/lib/font-awesome/css/all.mindcff.css]
[noxxit.com/wp-content/plugins/elementor/assets/lib/font-awesome/css/v4-shims.mindcff.css]
[noxxit.com/wp-content/uploads/elementor/css/post-30497750.css]
[noxxit.com/wp-content/themes/essentials/css/build/flickity.min5d0a.css]
[noxxit.com/wp-content/plugins/elementor/assets/lib/font-awesome/webfonts/fa-solid-900.svg]
[noxxit.com/wp-content/themes/essentials/css/build/pixicon-main/fonts/pixicon1a5b.ttf]
[noxxit.com/wp-content/themes/essentials/css/build/pixicon-main/fonts/pixicon1a5b.woff]
[noxxit.com/wp-content/themes/essentials/css/build/pixicon-main/style.min5d0a.css]
[noxxit.com/wp-content/themes/essentials/css/jquery-confirm.min5d0a.css]
[noxxit.com/wp-content/themes/essentials/css/build/bootstrap-select.min5d0a.css]
[noxxit.com/wp-content/uploads/wp-scss-cache/pix-essentials-style-27ea6.css]
[noxxit.com/wp-content/themes/essentials/css/build/pixicon-main/fonts/pixicon1a5b.svg]
[noxxit.com/wp-content/plugins/masterslider/public/assets/css/common/loading-2.gif]
[noxxit.com/wp-content/plugins/masterslider/public/assets/css/common/grab.png]
[noxxit.com/wp-content/plugins/masterslider/public/assets/css/common/grabbing.png]
[noxxit.com/wp-content/plugins/masterslider/public/assets/css/common/video-close-btn.png]
[noxxit.com/wp-content/plugins/masterslider/public/assets/css/skins/light-skin-1.png]
[noxxit.com/wp-content/plugins/masterslider/public/assets/css/skins/light-skin-1-retina.png]
[noxxit.com/wp-content/plugins/masterslider/public/assets/css/skins/black-skin-1.png]
[noxxit.com/wp-content/plugins/masterslider/public/assets/css/skins/black-skin-1-retina.png]
[noxxit.com/wp-content/plugins/masterslider/public/assets/css/skins/black-skin-2.png]
[noxxit.com/wp-content/plugins/masterslider/public/assets/css/skins/black-skin-2-retina.png]
[noxxit.com/wp-content/plugins/masterslider/public/assets/css/skins/light-skin-2.png]
[noxxit.com/wp-content/plugins/masterslider/public/assets/css/skins/light-skin-2-retina.png]
[noxxit.com/wp-content/plugins/masterslider/public/assets/css/skins/light-skin-3.png]
[noxxit.com/wp-content/plugins/masterslider/public/assets/css/skins/light-skin-3-retina.png]
[noxxit.com/wp-content/plugins/masterslider/public/assets/css/skins/light-skin-4.png]
[noxxit.com/wp-content/plugins/masterslider/public/assets/css/skins/light-skin-4-retina.png]
[noxxit.com/wp-content/plugins/masterslider/public/assets/css/skins/light-skin-5.png]
[noxxit.com/wp-content/plugins/masterslider/public/assets/css/skins/light-skin-5-retina.png]
[noxxit.com/wp-content/plugins/masterslider/public/assets/css/skins/light-skin-6.png]
[noxxit.com/wp-content/plugins/masterslider/public/assets/css/skins/light-skin-6-retina.png]
[noxxit.com/wp-content/plugins/masterslider/public/assets/css/skins/metro-skin.png]
[noxxit.com/wp-content/plugins/masterslider/public/assets/css/skins/metro-skin-retina.png]
[noxxit.com/wp-content/plugins/masterslider/public/assets/css/skins/minimal.svg]
[noxxit.com/wp-content/plugins/masterslider/public/assets/css/skins/contrast-skin.png]
[noxxit.com/wp-content/plugins/masterslider/public/assets/css/skins/contrast-skin-retina.png]
[noxxit.com/wp-content/plugins/masterslider/public/assets/css/templates/device-skin.png]
[noxxit.com/wp-content/plugins/masterslider/public/assets/css/templates/gallery-btns.png]
[noxxit.com/wp-content/plugins/masterslider/public/assets/css/templates/staff-arrows.png]
[noxxit.com/wp-content/plugins/masterslider/public/assets/css/templates/vertical-arrows.png]
[noxxit.com/wp-content/plugins/masterslider/public/assets/css/masterslider.main02dd.css]
[noxxit.com/wp-content/uploads/masterslider/custom4963.css]
[noxxit.com/wp-content/plugins/masterslider/public/assets/css/common/grabbing.html]
[noxxit.com/wp-content/plugins/masterslider/public/assets/css/common/grab.html]
[noxxit.com/wp-content/plugins/element-ready-lite/assets/css/widgets.minade1.css]
[noxxit.com/wp-content/uploads/elementor/css/post-7030749.css]
[noxxit.com/wp-json/wp/v2/pages/703.json]
[noxxit.com/wp-json/oembed/1.0/embed44cb.json]
[noxxit.com/wp-json/oembed/1.0/embedce9a]
[noxxit.com/wp-content/uploads/2020/05/intro-full-image.png]
[noxxit.com/features/“https_/www.smartsupp.com”]
[noxxit.com/features/index.html]
[noxxit.com/wp-content/uploads/elementor/css/post-13828c76d.css]
[noxxit.com/wp-json/wp/v2/pages/13828.json]
[noxxit.com/wp-json/oembed/1.0/embed8841.json]
[noxxit.com/wp-json/oembed/1.0/embedafaa]
[noxxit.com/android-spy-app/“https_/www.smartsupp.com”]
[noxxit.com/android-spy-app/index.html]
[noxxit.com/wp-content/plugins/element-ready-lite/assets/css/widgets.min5d7a.css]
[noxxit.com/wp-content/uploads/elementor/css/post-138422a80.css]
[noxxit.com/wp-json/wp/v2/pages/13842.json]
[noxxit.com/wp-json/oembed/1.0/embed144f.json]
[noxxit.com/wp-json/oembed/1.0/embed6f7b]
[noxxit.com/iphone-spy-app/“https_/www.smartsupp.com”]
[noxxit.com/iphone-spy-app/index.html]
[noxxit.com/wp-content/plugins/element-ready-lite/assets/css/widgets.mind6cb.css]
[noxxit.com/wp-content/uploads/elementor/css/post-138606970.css]
[noxxit.com/wp-json/wp/v2/pages/13860.json]
[noxxit.com/wp-json/oembed/1.0/embeda26a.json]
[noxxit.com/wp-json/oembed/1.0/embede099]
[noxxit.com/whatsapp-spy-app/“https_/www.smartsupp.com”]
[noxxit.com/whatsapp-spy-app/index.html]
[noxxit.com/wp-content/uploads/elementor/css/post-697c11a.css]
[noxxit.com/wp-json/wp/v2/pages/697.json]
[noxxit.com/wp-json/oembed/1.0/embedff5b.json]
[noxxit.com/wp-json/oembed/1.0/embedef16]
[noxxit.com/faq/“https_/www.smartsupp.com”]
[noxxit.com/faq/index.html]
[noxxit.com/wp-content/plugins/element-ready-lite/assets/css/widgets.min03de.css]
[noxxit.com/wp-json/wp/v2/pages/14001.json]
[noxxit.com/wp-json/oembed/1.0/embedaf25.json]
[noxxit.com/wp-json/oembed/1.0/embed1056]
[noxxit.com/wp-content/uploads/2023/02/1234-622x361.jpg]
[noxxit.com/2023/02/13/how-to-use-noxxit-app/index.html]
[noxxit.com/category/blog/index.html]
[noxxit.com/blog/“https_/www.smartsupp.com”]
[noxxit.com/blog/index.html]
[noxxit.com/wp-content/plugins/element-ready-lite/assets/css/widgets.min8cb8.css]
[noxxit.com/wp-content/uploads/elementor/css/post-2397da4.css]
[noxxit.com/wp-json/wp/v2/pages/239.json]
[noxxit.com/wp-json/oembed/1.0/embede920.json]
[noxxit.com/wp-json/oembed/1.0/embedaf06]
[noxxit.com/contact/“https_/www.smartsupp.com”]
[noxxit.com/wp-content/plugins/wpcf7-recaptcha/assets/js/wpcf7-recaptcha-controls62ea.js]
[www.recaptcha.net/recaptcha/apidba9.js]
[noxxit.com/contact/index.html]
[noxxit.com/wp-content/plugins/element-ready-lite/assets/css/widgets.mindbc3.css]
[noxxit.com/wp-content/uploads/elementor/css/post-13944d962.css]
[noxxit.com/wp-json/wp/v2/pages/13944.json]
[noxxit.com/wp-json/oembed/1.0/embedcc7e.json]
[noxxit.com/wp-json/oembed/1.0/embedf4c7]
[noxxit.com/parental-control-app/“https_/www.smartsupp.com”]
[noxxit.com/parental-control-app/index.html]
[noxxit.com/wp-content/plugins/element-ready-lite/assets/css/widgets.min86d5.css]
[noxxit.com/wp-content/uploads/elementor/css/post-139211943.css]
[noxxit.com/wp-json/wp/v2/pages/13921.json]
[noxxit.com/wp-json/oembed/1.0/embed8649.json]
[noxxit.com/wp-json/oembed/1.0/embedb245]
[noxxit.com/privacy-policy/“https_/www.smartsupp.com”]
[noxxit.com/privacy-policy/index.html]
[noxxit.com/wp-content/plugins/element-ready-lite/assets/css/widgets.min88c2.css]
[noxxit.com/wp-content/uploads/elementor/css/post-13920ae0d.css]
[noxxit.com/wp-json/wp/v2/pages/13920.json]
[noxxit.com/wp-json/oembed/1.0/embedfb32.json]
[noxxit.com/wp-json/oembed/1.0/embedb0d4]
[noxxit.com/refund-policy/“https_/www.smartsupp.com”]
[noxxit.com/refund-policy/index.html]
[noxxit.com/wp-content/plugins/element-ready-lite/assets/css/widgets.min0d82.css]
[noxxit.com/wp-content/uploads/elementor/css/post-13918f07a.css]
[noxxit.com/wp-json/wp/v2/pages/13918.json]
[noxxit.com/wp-json/oembed/1.0/embed1b8c.json]
[noxxit.com/wp-json/oembed/1.0/embed47ba]
[noxxit.com/terms-of-use/“https_/www.smartsupp.com”]
[noxxit.com/terms-of-use/index.html]
[noxxit.com/wp-content/plugins/element-ready-lite/assets/css/widgets.minc030.css]
[noxxit.com/Whatsapp-spy-app/“https_/www.smartsupp.com”]
[noxxit.com/Whatsapp-spy-app/index-2.html]
[noxxit.com/“https_/www.smartsupp.html]
[noxxit.com/wp-content/uploads/elementor/css/post-31537750.css]
[noxxit.com/wp-content/plugins/element-ready-lite/assets/js/globalwidget.minfc07.js]
[noxxit.com/wp-content/plugins/elementor/assets/lib/eicons/fonts/eiconsc63f.svg]
[noxxit.com/wp-content/plugins/elementor/assets/lib/font-awesome/webfonts/fa-brands-400.svg]
[noxxit.com/wp-content/plugins/elementor/assets/lib/font-awesome/webfonts/fa-regular-400.svg]
[noxxit.com/wp-content/plugins/elementor/assets/lib/font-awesome/webfonts/fa-solid-900.svg]
[noxxit.com/wp-content/themes/essentials/css/build/pixicon-main/fonts/pixicon1a5b.svg]
[noxxit.com/wp-content/plugins/masterslider/public/assets/css/skins/minimal.svg]
[noxxit.com/wp-content/plugins/element-ready-lite/assets/css/widgets.minade1.css]
[noxxit.com/wp-content/uploads/elementor/css/post-7030749.css]
[noxxit.com/indexf993.html]
[noxxit.com/features/“https_/www.smartsupp.html]
[noxxit.com/wp-content/plugins/element-ready-lite/assets/js/globalwidget.minade1.js]
[noxxit.com/wp-content/uploads/elementor/css/post-13828c76d.css]
[noxxit.com/index58e8.html]
[noxxit.com/android-spy-app/“https_/www.smartsupp.html]
[noxxit.com/wp-content/plugins/element-ready-lite/assets/css/widgets.min5d7a.css]
[noxxit.com/wp-content/uploads/elementor/css/post-138422a80.css]
[noxxit.com/index6b9c.html]
[noxxit.com/iphone-spy-app/“https_/www.smartsupp.html]
[noxxit.com/wp-content/plugins/element-ready-lite/assets/js/globalwidget.min5d7a.js]
[noxxit.com/wp-content/plugins/element-ready-lite/assets/css/widgets.mind6cb.css]
[noxxit.com/wp-content/uploads/elementor/css/post-138606970.css]
[noxxit.com/indexe1d3.html]
[noxxit.com/whatsapp-spy-app/“https_/www.smartsupp.html]
[noxxit.com/wp-content/plugins/element-ready-lite/assets/js/globalwidget.mind6cb.js]
[noxxit.com/wp-content/uploads/elementor/css/post-697c11a.css]
[noxxit.com/index1c7e.html]
[noxxit.com/faq/“https_/www.smartsupp.html]
[noxxit.com/wp-content/plugins/element-ready-lite/assets/css/widgets.min03de.css]
[noxxit.com/index8a58.html]
[noxxit.com/wp-content/uploads/2023/02/1234.jpg]
[noxxit.com/wp-content/plugins/element-ready-lite/assets/css/widgets.mind7bd.css]
[noxxit.com/2023/02/13/how-to-use-noxxit-app/feed/index.html]
[noxxit.com/wp-json/wp/v2/posts/13994.json]
[noxxit.com/wp-json/oembed/1.0/embed42fd.json]
[noxxit.com/wp-json/oembed/1.0/embedc26f]
[noxxit.com/2023/02/13/how-to-use-noxxit-app/index0e22.html]
[noxxit.com/2023/02/13/how-to-use-noxxit-app/index3094.html]
[noxxit.com/2023/02/13/how-to-use-noxxit-app/index21b4.html]
[noxxit.com/2023/02/13/how-to-use-noxxit-app/index8e42.html]
[noxxit.com/2023/02/13/how-to-use-noxxit-app/index267f.html]
[noxxit.com/2023/02/13/how-to-use-noxxit-app/index41b7.html]
[noxxit.com/author/spyholic/index.html]
[noxxit.com/2023/02/13/how-to-use-noxxit-app/“https_/www.smartsupp.com”]
[noxxit.com/wp-includes/js/comment-reply.minbfbf.js]
[noxxit.com/2023/02/13/how-to-use-noxxit-app/index.html]
[noxxit.com/wp-content/plugins/element-ready-lite/assets/css/widgets.min6a20.css]
[noxxit.com/category/blog/feed/index.html]
[noxxit.com/wp-json/wp/v2/categories/6.json]
[noxxit.com/category/blog/“https_/www.smartsupp.com”]
[noxxit.com/category/blog/index.html]
[noxxit.com/blog/“https_/www.smartsupp.html]
[noxxit.com/wp-content/plugins/element-ready-lite/assets/js/globalwidget.min03de.js]
[noxxit.com/wp-content/plugins/element-ready-lite/assets/css/widgets.min8cb8.css]
[noxxit.com/wp-content/uploads/elementor/css/post-2397da4.css]
[noxxit.com/index1639.html]
[noxxit.com/contact/“https_/www.smartsupp.html]
[noxxit.com/wp-content/plugins/element-ready-lite/assets/js/globalwidget.min8cb8.js]
[noxxit.com/wp-content/plugins/element-ready-lite/assets/css/widgets.mindbc3.css]
[noxxit.com/wp-content/uploads/elementor/css/post-13944d962.css]
[noxxit.com/index4394.html]
[noxxit.com/parental-control-app/“https_/www.smartsupp.html]
[noxxit.com/wp-content/plugins/element-ready-lite/assets/js/globalwidget.mindbc3.js]
[noxxit.com/wp-content/plugins/element-ready-lite/assets/css/widgets.min86d5.css]
[noxxit.com/wp-content/uploads/elementor/css/post-139211943.css]
[noxxit.com/index396c.html]
[noxxit.com/privacy-policy/“https_/www.smartsupp.html]
[noxxit.com/wp-content/plugins/element-ready-lite/assets/js/globalwidget.min86d5.js]
[noxxit.com/wp-content/plugins/element-ready-lite/assets/css/widgets.min88c2.css]
[noxxit.com/wp-content/uploads/elementor/css/post-13920ae0d.css]
[noxxit.com/index0a26.html]
[noxxit.com/refund-policy/“https_/www.smartsupp.html]
[noxxit.com/wp-content/plugins/element-ready-lite/assets/js/globalwidget.min88c2.js]
[noxxit.com/wp-content/plugins/element-ready-lite/assets/css/widgets.min0d82.css]
[noxxit.com/wp-content/uploads/elementor/css/post-13918f07a.css]
[noxxit.com/index8802.html]
[noxxit.com/terms-of-use/“https_/www.smartsupp.html]
[noxxit.com/wp-content/plugins/element-ready-lite/assets/js/globalwidget.min0d82.js]
[noxxit.com/wp-content/plugins/element-ready-lite/assets/css/widgets.minc030.css]
[noxxit.com/Whatsapp-spy-app/“https_/www.smartsupp-2.html]
[noxxit.com/wp-content/plugins/element-ready-lite/assets/js/globalwidget.minc030.js]
[noxxit.com/wp-content/plugins/element-ready-lite/assets/css/widgets.mind7bd.css]
[noxxit.com/wp-content/uploads/elementor/css/post-139941ef5.css]
[noxxit.com/index044f.html]
[noxxit.com/wp-content/plugins/element-ready-lite/assets/css/widgets.min0593.css]
[noxxit.com/author/spyholic/feed/index.html]
[noxxit.com/wp-json/wp/v2/users/2.json]
[noxxit.com/author/spyholic/“https_/www.smartsupp.com”]
[noxxit.com/author/spyholic/index.html]
[noxxit.com/wp-content/plugins/element-ready-lite/assets/css/widgets.mind2f2.css]
[noxxit.com/2023/02/13/how-to-use-noxxit-app/index0e22.html]
[noxxit.com/2023/02/13/how-to-use-noxxit-app/index3094.html]
[noxxit.com/2023/02/13/how-to-use-noxxit-app/index21b4.html]
[noxxit.com/wp-content/plugins/element-ready-lite/assets/css/widgets.min3399.css]
[noxxit.com/2023/02/13/how-to-use-noxxit-app/index8e42.html]
[noxxit.com/wp-content/plugins/element-ready-lite/assets/css/widgets.mina5fe.css]
[noxxit.com/2023/02/13/how-to-use-noxxit-app/index267f.html]
[noxxit.com/2023/02/13/how-to-use-noxxit-app/index41b7.html]
[noxxit.com/2023/02/13/how-to-use-noxxit-app/“https_/www.smartsupp.html]
[noxxit.com/wp-content/plugins/element-ready-lite/assets/js/globalwidget.mind7bd.js]
[noxxit.com/wp-content/plugins/element-ready-lite/assets/css/widgets.min6a20.css]
[noxxit.com/category/blog/“https_/www.smartsupp.html]
[noxxit.com/wp-content/plugins/element-ready-lite/assets/js/globalwidget.min6a20.js]
[noxxit.com/wp-content/plugins/element-ready-lite/assets/css/widgets.min0593.css]
[noxxit.com/author/spyholic/“https_/www.smartsupp.html]
[noxxit.com/wp-content/plugins/element-ready-lite/assets/js/globalwidget.min0593.js]
[noxxit.com/wp-content/plugins/element-ready-lite/assets/css/widgets.mind2f2.css]
[noxxit.com/wp-content/plugins/element-ready-lite/assets/js/globalwidget.mind2f2.js]
[noxxit.com/wp-content/plugins/element-ready-lite/assets/css/widgets.min3399.css]
[noxxit.com/wp-content/plugins/element-ready-lite/assets/js/globalwidget.min3399.js]
[noxxit.com/wp-content/plugins/element-ready-lite/assets/css/widgets.mina5fe.css]
[noxxit.com/wp-content/plugins/element-ready-lite/assets/js/globalwidget.mina5fe.js]
